
There are no discarded input sections

Memory Configuration

Name             Origin             Length             Attributes
FLASH            0x08000000         0x00010000         xr
SRAM             0x20000000         0x00020000         xrw
*default*        0x00000000         0xffffffff

Linker script and memory map

LOAD object/kmath.o
LOAD object/kfloat.o
LOAD object/cm4.o
LOAD object/mcu_info.o
LOAD object/kflash.o
LOAD object/kcrc.o
LOAD object/kstring.o
LOAD object/kmain.o
LOAD object/stm32_startup.o
LOAD object/sys_clock.o
LOAD object/sys_usart.o
LOAD object/sys_gpio.o
LOAD object/kstdio.o
LOAD object/sys_init.o
LOAD object/unistd.o
LOAD object/times.o
LOAD object/serial_lin.o
LOAD object/UsartRingBuffer.o
LOAD object/debug.o
LOAD object/timer.o
LOAD object/sys_err.o
LOAD object/sys_rtc.o

.text           0x08000000     0x5360
                0x08000000                        _stext = .
 *(.isr_vector)
 .isr_vector    0x08000000      0x1c4 object/stm32_startup.o
                0x08000000                NVIC_VECTOR
 *(.text)
 .text          0x080001c4       0x4e object/kmath.o
                0x080001c4                __pow
 *fill*         0x08000212        0x2 
 .text          0x08000214      0xed4 object/kfloat.o
                0x08000214                __aeabi_f2d
                0x080002da                __aeabi_d2f
                0x08000362                __aeabi_d2iz
                0x080003f2                __aeabi_d2i
                0x08000482                get_decimal_part
                0x0800056c                __aeabi_ui2d
                0x080005ec                __aeabi_d2uiz
                0x08000662                __aeabi_dsub
                0x08000922                __aeabi_dmul
                0x08000ad4                __aeabi_dadd
                0x08000d82                __aeabi_d2ulz
                0x08000e00                __aeabi_ddiv
                0x080010a8                __aeabi_dcmpeq
 .text          0x080010e8      0x348 object/cm4.o
                0x08001154                __SysTick_init
                0x080011d8                SysTickIntDisable
                0x080011f8                SysTickIntEnable
                0x08001218                __SysTick_enable
                0x08001244                __sysTick_disable
                0x08001270                __getSysTickCount
                0x08001288                __updateSysTick
                0x080012e0                __getTime
                0x08001314                __get__Second
                0x0800132c                __get__Minute
                0x08001344                __get__Hour
                0x0800135c                SysTick_Handler
                0x08001390                __enable_fpu
                0x080013b4                ms_delay
                0x080013de                getmsTick
                0x080013ec                wait_until
                0x0800141e                SYS_SLEEP_WFI
 .text          0x08001430      0x1a8 object/mcu_info.o
                0x08001430                show_system_info
                0x080014dc                store_product_id
                0x080015c4                get_product_id
 .text          0x080015d8      0x3a4 object/kflash.o
                0x080015d8                flash_unlock
                0x08001608                flash_lock
                0x08001628                erase_os_flash
                0x080016a4                erase_version_flash
                0x08001710                flash_erased_check
                0x08001758                flash_write
                0x0800181c                flash_read
                0x08001910                get_os_version
 .text          0x0800197c       0x88 object/kcrc.o
                0x0800197c                CRC32_Init
                0x080019ac                CRC32_Process
                0x080019cc                CRC32_Finalize
                0x080019ec                CRC32_get
 .text          0x08001a04      0x914 object/kstring.o
                0x08001a04                __str_to_num
                0x08001ae6                __reverse_str
                0x08001b44                __strlen
                0x08001b72                convert
                0x08001bf0                convertu32
                0x08001c48                float2str
                0x08001d14                str2float
                0x08001e16                kmemset
                0x08001e62                StrCat
                0x08001eac                strcopy
                0x08001ee6                clear_str
                0x08001f24                strncopy
                0x08001f76                strn4mcopy
                0x08001fc4                byte_to_hex
                0x08002038                show_byte_hex_str
                0x08002078                show_byte_stream_hex
                0x080020b8                strcomp
                0x08002108                strncopy_cmd
                0x08002156                uint16_to_str
                0x080022a8                strCat_n_to_m
 .text          0x08002318      0x124 object/kmain.o
                0x08002318                jump_to_os
                0x0800233c                kmain
 .text          0x0800243c       0xe8 object/stm32_startup.o
                0x0800243c                Reset_Handler
                0x080024f4                RTC_WKUP_Handler
                0x080024f4                FLASH_Handler
                0x080024f4                DMA2_Stream7_Handler
                0x080024f4                OTG_HS_Handler
                0x080024f4                DMA2_Stream3_Handler
                0x080024f4                USART3_Handler
                0x080024f4                PendSV_Handler
                0x080024f4                NMI_Handler
                0x080024f4                SAI1_Handler
                0x080024f4                TIM6_DAC_Handler
                0x080024f4                CAN1_RX1_Handler
                0x080024f4                EXTI15_10_Handler
                0x080024f4                ADC_Handler
                0x080024f4                I2C1_EV_Handler
                0x080024f4                TAMP_STAMP_Handler
                0x080024f4                I2C3_ER_Handler
                0x080024f4                WWDG_Handler
                0x080024f4                EXTI4_Handler
                0x080024f4                I2C3_EV_Handler
                0x080024f4                DMA1_Stream1_Handler
                0x080024f4                DMA2_Stream4_Handler
                0x080024f4                DMA1_Stream7_Handler
                0x080024f4                OTG_FS_Handler
                0x080024f4                TIM1_BRK_TIM9_Handler
                0x080024f4                I2C1_ER_Handler
                0x080024f4                DMA1_Stream3_Handler
                0x080024f4                UsageFault_Handler
                0x080024f4                TIM1_UP_TIM10_Handler
                0x080024f4                CAN1_RX0_Handler
                0x080024f4                TIM1_CC_Handler
                0x080024f4                I2C2_ER_Handler
                0x080024f4                TIM8_CC_Handler
                0x080024f4                HDMI_CEC_Handler
                0x080024f4                SAI2_Handler
                0x080024f4                CAN1_SCE_Handler
                0x080024f4                DMA1_Stream0_Handler
                0x080024f4                OTG_HS_EP1_OUT_Handler
                0x080024f4                EXTI1_Handler
                0x080024f4                FMC_Handler
                0x080024f4                EXTI3_Handler
                0x080024f4                EXTI2_Handler
                0x080024f4                UART4_Handler
                0x080024f4                CAN2_RX1_Handler
                0x080024f4                EXTI9_5_Handler
                0x080024f4                USART1_Handler
                0x080024f4                CAN2_SCE_Handler
                0x080024f4                TIM3_Handler
                0x080024f4                DMA2_Stream6_Handler
                0x080024f4                Default_Handler
                0x080024f4                DCMI_Handler
                0x080024f4                TIM1_TRG_COM_TIM11_Handler
                0x080024f4                RTC_Alarm_Handler
                0x080024f4                TIM4_Handler
                0x080024f4                TIM8_UP_TIM13_Handler
                0x080024f4                CAN2_TX_Handler
                0x080024f4                SPI2_Handler
                0x080024f4                DMA2_Stream1_Handler
                0x080024f4                DMA1_Stream2_Handler
                0x080024f4                EXTI0_Handler
                0x080024f4                TIM8_BRK_TIM12_Handler
                0x080024f4                CAN2_RX0_Handler
                0x080024f4                DMA2_Stream5_Handler
                0x080024f4                DMA1_Stream6_Handler
                0x080024f4                SDIO_Handler
                0x080024f4                FMPI2C1_ERR_Handler
                0x080024f4                SPI1_Handler
                0x080024f4                I2C2_EV_Handler
                0x080024f4                SPDIF_Rx_Handler
                0x080024f4                DMA2_Stream2_Handler
                0x080024f4                SPI3_Handler
                0x080024f4                DMA2_Stream0_Handler
                0x080024f4                RCC_Handler
                0x080024f4                PVD_Handler
                0x080024f4                UART5_Handler
                0x080024f4                DMA1_Stream5_Handler
                0x080024f4                TIM5_Handler
                0x080024f4                QuadSPI_Handler
                0x080024f4                TIM7_Handler
                0x080024f4                TIM8_TRG_COM_TIM14_Handler
                0x080024f4                CAN1_TX_Handler
                0x080024f4                FPU_Handler
                0x080024f4                FMPI2C1_Handler
                0x080024f4                DMA1_Stream4_Handler
                0x080024f4                DebugMonitor_Handler
                0x080024f4                OTG_HS_WKUP_Handler
                0x080024f4                OTG_FS_WKUP_Handler
                0x080024f4                SPI4_Handler
                0x080024f4                OTG_HS_EP1_IN_Handler
                0x080024fc                HardFault_Handler
                0x08002504                MemManage_Handler
                0x0800250c                BusFault_Handler
                0x08002514                SVCall_Handler
 .text          0x08002524      0x308 object/sys_clock.o
                0x08002524                __init_sys_clock
                0x080025f0                __APB1CLK_FREQ
                0x0800266c                __APB2CLK_FREQ
                0x080026e8                __PLL_SYS_CLK
                0x08002780                __AHB_CLK
 .text          0x0800282c      0x584 object/sys_usart.o
                0x080028dc                UART_Init
                0x08002976                UART_DeInit
                0x080029e4                UART_BRR_SAMPLING16
                0x08002b78                UART_MspInit
 .text          0x08002db0      0x5bc object/sys_gpio.o
                0x08002db0                GPIO_WritePin
                0x08002de2                GPIO_Init
                0x080030e8                GPIO_DeInit
                0x080032d0                SPI_GPIOInit
 .text          0x0800336c      0x35c object/kstdio.o
                0x0800336c                kprintf
                0x08003500                putstr
                0x0800354c                kscanf
 .text          0x080036c8      0x510 object/sys_init.o
                0x08003754                __sys_init
                0x080037c4                __sys_disable
                0x0800380c                SYS_ROUTINE
                0x08003818                display_status
                0x0800382c                compare_strings
                0x08003892                check_version
                0x08003914                char_array_to_int
                0x08003976                system_update
                0x08003b18                get_updated_os
                0x08003b2c                get_size
                0x08003b44                get_latest_version
                0x08003bc0                get_update_status
 .text          0x08003bd8        0x0 object/unistd.o
 .text          0x08003bd8        0x0 object/times.o
 .text          0x08003bd8      0x1b8 object/serial_lin.o
                0x08003bd8                SerialLin2_init
                0x08003c70                SerialLin6_init
                0x08003d08                USART2_Handler
                0x08003d1c                USART6_Handler
                0x08003d30                noIntWrite
                0x08003d60                noIntSendString
 .text          0x08003d90      0xc38 object/UsartRingBuffer.o
                0x08003d90                Ringbuf_init
                0x08003e2a                Look_for
                0x08003eca                GetDataFromBuffer
                0x0800400a                Uart_flush
                0x08004046                Uart_peek
                0x080040c0                Uart_read
                0x08004160                Uart_write
                0x08004218                IsDataAvailable
                0x0800429c                Get_after
                0x080042fa                Uart_sendstring
                0x08004328                Uart_printbase
                0x080043c0                Copy_upto
                0x080044c0                Wait_for
                0x080045ac                look_for_frame
                0x08004712                Uart_isr
                0x08004820                update_tail
                0x08004886                debug_buffer
                0x0800490c                DisableUart
 .text          0x080049c8      0x110 object/debug.o
                0x080049c8                __debugRamUsage
                0x08004a14                __digitalWriteDebugButton
                0x08004a70                __digitalReadDebugButton
                0x08004aa0                __alalogReadDebug
                0x08004ab8                __analogWriteDebug
 .text          0x08004ad8      0x2b8 object/timer.o
                0x08004b58                ConfigTimer2ForSystem
                0x08004bd4                Delay_micro_second
                0x08004c68                Delay
                0x08004c96                getMiliseconds
                0x08004cd8                getMicroseconds
                0x08004d08                TIM2_Handler
                0x08004d44                DisableTimer2
 .text          0x08004d90       0x14 object/sys_err.o
                0x08004d90                Error_Handler
 .text          0x08004da4      0x364 object/sys_rtc.o
                0x08004da4                SYS_RTC_init
                0x0800504c                get_timeofDay
 *(.rodata)
 .rodata        0x08005108       0x64 object/mcu_info.o
 .rodata        0x0800516c       0xa6 object/kflash.o
 *fill*         0x08005212        0x2 
 .rodata        0x08005214        0x6 object/kstring.o
 *fill*         0x0800521a        0x2 
 .rodata        0x0800521c       0x85 object/kmain.o
 *fill*         0x080052a1        0x3 
 .rodata        0x080052a4        0x4 object/stm32_startup.o
                0x080052a4                STACK_START
 .rodata        0x080052a8       0x18 object/sys_clock.o
                0x080052a8                AHBPrescTable
                0x080052b8                APBPrescTable
 .rodata        0x080052c0       0x9d object/sys_init.o
                0x08005360                        . = ALIGN (0x4)
 *fill*         0x0800535d        0x3 
                0x08005360                        _etext = .
                0x08005360                        _la_data = LOADADDR (.data)

.glue_7         0x08005360        0x0
 .glue_7        0x08005360        0x0 linker stubs

.glue_7t        0x08005360        0x0
 .glue_7t       0x08005360        0x0 linker stubs

.vfp11_veneer   0x08005360        0x0
 .vfp11_veneer  0x08005360        0x0 linker stubs

.v4_bx          0x08005360        0x0
 .v4_bx         0x08005360        0x0 linker stubs

.iplt           0x08005360        0x0
 .iplt          0x08005360        0x0 object/kfloat.o

.rel.dyn        0x08005360        0x0
 .rel.iplt      0x08005360        0x0 object/kfloat.o

.data           0x20000000       0xd0 load address 0x08005360
                0x20000000                        _sdata = .
 *(.data)
 .data          0x20000000        0x0 object/kmath.o
 .data          0x20000000        0x0 object/kfloat.o
 .data          0x20000000        0x0 object/cm4.o
 .data          0x20000000        0x0 object/mcu_info.o
 .data          0x20000000       0x64 object/kflash.o
                0x20000000                version
 .data          0x20000064        0x0 object/kcrc.o
 .data          0x20000064       0x61 object/kstring.o
 .data          0x200000c5        0x0 object/kmain.o
 .data          0x200000c5        0x0 object/stm32_startup.o
 .data          0x200000c5        0x0 object/sys_clock.o
 .data          0x200000c5        0x0 object/sys_usart.o
 .data          0x200000c5        0x0 object/sys_gpio.o
 .data          0x200000c5        0x0 object/kstdio.o
 .data          0x200000c5        0x0 object/sys_init.o
 .data          0x200000c5        0x0 object/unistd.o
 .data          0x200000c5        0x0 object/times.o
 *fill*         0x200000c5        0x3 
 .data          0x200000c8        0x8 object/serial_lin.o
                0x200000c8                errObj
 .data          0x200000d0        0x0 object/UsartRingBuffer.o
 .data          0x200000d0        0x0 object/debug.o
 .data          0x200000d0        0x0 object/timer.o
 .data          0x200000d0        0x0 object/sys_err.o
 .data          0x200000d0        0x0 object/sys_rtc.o
                0x200000d0                        . = ALIGN (0x4)
                0x200000d0                        _edata = .

.igot.plt       0x200000d0        0x0 load address 0x08005430
 .igot.plt      0x200000d0        0x0 object/kfloat.o

.bss            0x200000d0    0x19019 load address 0x08005430
                0x200000d0                        _sbss = .
 *(.bss)
 .bss           0x200000d0        0x0 object/kmath.o
 .bss           0x200000d0        0x0 object/kfloat.o
 .bss           0x200000d0       0x10 object/cm4.o
 .bss           0x200000e0       0x14 object/mcu_info.o
 .bss           0x200000f4        0x0 object/kflash.o
 .bss           0x200000f4        0x0 object/kcrc.o
 .bss           0x200000f4       0x32 object/kstring.o
 .bss           0x20000126        0x0 object/kmain.o
 *fill*         0x20000126        0x2 
 .bss           0x20000128        0xc object/stm32_startup.o
                0x20000128                _bss_size
                0x2000012c                _data_size
                0x20000130                _text_size
 .bss           0x20000134        0x0 object/sys_clock.o
 .bss           0x20000134        0x0 object/sys_usart.o
 .bss           0x20000134        0x0 object/sys_gpio.o
 .bss           0x20000134        0x0 object/kstdio.o
 .bss           0x20000134    0x18713 object/sys_init.o
                0x20000134                updated_os
                0x200187dc                os_size
                0x200187e0                latest_version
                0x20018814                response
                0x20018846                isupdate
 .bss           0x20018847        0x0 object/unistd.o
 .bss           0x20018847        0x0 object/times.o
 *fill*         0x20018847        0x1 
 .bss           0x20018848      0x890 object/serial_lin.o
                0x20018848                huart2
                0x20018c90                huart6
 .bss           0x200190d8        0x0 object/UsartRingBuffer.o
 .bss           0x200190d8        0xc object/debug.o
                0x200190dc                CURRENT_MSP
                0x200190e0                DEBUG_BUTTON
                0x200190e2                DEBUG_ANALOG_IO
 .bss           0x200190e4        0x5 object/timer.o
 .bss           0x200190e9        0x0 object/sys_err.o
 .bss           0x200190e9        0x0 object/sys_rtc.o
                0x200190e9                        _ebss = .
OUTPUT(build/final.elf elf32-littlearm)
LOAD linker stubs

.comment        0x00000000       0x26
 .comment       0x00000000       0x26 object/kmath.o
                                 0x27 (size before relaxing)
 .comment       0x00000026       0x27 object/kfloat.o
 .comment       0x00000026       0x27 object/cm4.o
 .comment       0x00000026       0x27 object/mcu_info.o
 .comment       0x00000026       0x27 object/kflash.o
 .comment       0x00000026       0x27 object/kcrc.o
 .comment       0x00000026       0x27 object/kstring.o
 .comment       0x00000026       0x27 object/kmain.o
 .comment       0x00000026       0x27 object/stm32_startup.o
 .comment       0x00000026       0x27 object/sys_clock.o
 .comment       0x00000026       0x27 object/sys_usart.o
 .comment       0x00000026       0x27 object/sys_gpio.o
 .comment       0x00000026       0x27 object/kstdio.o
 .comment       0x00000026       0x27 object/sys_init.o
 .comment       0x00000026       0x27 object/unistd.o
 .comment       0x00000026       0x27 object/times.o
 .comment       0x00000026       0x27 object/serial_lin.o
 .comment       0x00000026       0x27 object/UsartRingBuffer.o
 .comment       0x00000026       0x27 object/debug.o
 .comment       0x00000026       0x27 object/timer.o
 .comment       0x00000026       0x27 object/sys_err.o
 .comment       0x00000026       0x27 object/sys_rtc.o

.ARM.attributes
                0x00000000       0x32
 .ARM.attributes
                0x00000000       0x32 object/kmath.o
 .ARM.attributes
                0x00000032       0x32 object/kfloat.o
 .ARM.attributes
                0x00000064       0x32 object/cm4.o
 .ARM.attributes
                0x00000096       0x32 object/mcu_info.o
 .ARM.attributes
                0x000000c8       0x32 object/kflash.o
 .ARM.attributes
                0x000000fa       0x32 object/kcrc.o
 .ARM.attributes
                0x0000012c       0x32 object/kstring.o
 .ARM.attributes
                0x0000015e       0x32 object/kmain.o
 .ARM.attributes
                0x00000190       0x32 object/stm32_startup.o
 .ARM.attributes
                0x000001c2       0x32 object/sys_clock.o
 .ARM.attributes
                0x000001f4       0x32 object/sys_usart.o
 .ARM.attributes
                0x00000226       0x32 object/sys_gpio.o
 .ARM.attributes
                0x00000258       0x32 object/kstdio.o
 .ARM.attributes
                0x0000028a       0x32 object/sys_init.o
 .ARM.attributes
                0x000002bc       0x32 object/unistd.o
 .ARM.attributes
                0x000002ee       0x32 object/times.o
 .ARM.attributes
                0x00000320       0x32 object/serial_lin.o
 .ARM.attributes
                0x00000352       0x32 object/UsartRingBuffer.o
 .ARM.attributes
                0x00000384       0x32 object/debug.o
 .ARM.attributes
                0x000003b6       0x32 object/timer.o
 .ARM.attributes
                0x000003e8       0x32 object/sys_err.o
 .ARM.attributes
                0x0000041a       0x32 object/sys_rtc.o
